M_CNN: 87 parcels (range 0.111..0.631)
M_GENE: 1817/3560 measured GWAS genes (1 unsampled parcels dropped)
[1/3] matched-gene nulls (5000)
  background pool: 15633 genes (ahba_expressed_fallback)
  [matched-null] 250/5000 gene sets drawn
  [matched-null] 500/5000 gene sets drawn
  [matched-null] 750/5000 gene sets drawn
  [matched-null] 1000/5000 gene sets drawn
  [matched-null] 1250/5000 gene sets drawn
  [matched-null] 1500/5000 gene sets drawn
  [matched-null] 1750/5000 gene sets drawn
  [matched-null] 2000/5000 gene sets drawn
  [matched-null] 2250/5000 gene sets drawn
  [matched-null] 2500/5000 gene sets drawn
  [matched-null] 2750/5000 gene sets drawn
  [matched-null] 3000/5000 gene sets drawn
  [matched-null] 3250/5000 gene sets drawn
  [matched-null] 3500/5000 gene sets drawn
  [matched-null] 3750/5000 gene sets drawn
  [matched-null] 4000/5000 gene sets drawn
  [matched-null] 4250/5000 gene sets drawn
  [matched-null] 4500/5000 gene sets drawn
  [matched-null] 4750/5000 gene sets drawn
  [matched-null] 5000/5000 gene sets drawn
  [ckpt] 5000 matched sets saved
  [matched-null] scored 250/5000
  [matched-null] scored 500/5000
  [matched-null] scored 750/5000
  [matched-null] scored 1000/5000
  [matched-null] scored 1250/5000
  [matched-null] scored 1500/5000
  [matched-null] scored 1750/5000
  [matched-null] scored 2000/5000
  [matched-null] scored 2250/5000
  [matched-null] scored 2500/5000
  [matched-null] scored 2750/5000
  [matched-null] scored 3000/5000
  [matched-null] scored 3250/5000
  [matched-null] scored 3500/5000
  [matched-null] scored 3750/5000
  [matched-null] scored 4000/5000
  [matched-null] scored 4250/5000
  [matched-null] scored 4500/5000
  [matched-null] scored 4750/5000
  [matched-null] scored 5000/5000
  [ckpt] stage 1 complete
  rho_CNN_GENE = -0.137; matched-null p = 0.3029
[2/3] spatial nulls (5000 per family)
  moran: p = 0.4591
  burt2020: p = 0.3231
  spin: p = 0.8622
  concordance robust = False
[3/3] three-way test with independent disease maps
  CNN vs lajoie2020_ad_atrophy: rho = -0.330 (moran p = 0.3135)
  GENE vs lajoie2020_ad_atrophy: rho = -0.323 (moran p = 0.3151)
  CNN vs lajoie2020_ad_tau_ftp: rho = -0.451 (moran p = 0.1656)
  GENE vs lajoie2020_ad_tau_ftp: rho = -0.110 (moran p = 0.8168)

wrote results\bridge/bridge_results.json
