== Alzheimer's disease (alzheimer) ==
  [opentargets] alzheimer: page 1, 33 genetic rows so far
  [opentargets] alzheimer: page 2, 50 genetic rows so far
  [opentargets] alzheimer: page 3, 79 genetic rows so far
  [opentargets] alzheimer: page 4, 109 genetic rows so far
  [opentargets] alzheimer: page 5, 132 genetic rows so far
  [opentargets] alzheimer: page 6, 167 genetic rows so far
  [opentargets] alzheimer: page 7, 222 genetic rows so far
  [opentargets] alzheimer: page 8, 275 genetic rows so far
  [opentargets] alzheimer: page 9, 326 genetic rows so far
  [opentargets] alzheimer: page 10, 390 genetic rows so far
  [opentargets] alzheimer: page 11, 456 genetic rows so far
  [opentargets] alzheimer: page 12, 526 genetic rows so far
  [opentargets] alzheimer: page 13, 589 genetic rows so far
  [opentargets] alzheimer: page 14, 655 genetic rows so far
  [opentargets] alzheimer: page 15, 742 genetic rows so far
  [opentargets] alzheimer: page 16, 796 genetic rows so far
  [opentargets] alzheimer: page 17, 822 genetic rows so far
  [opentargets] alzheimer: page 18, 841 genetic rows so far
  [opentargets] alzheimer: page 19, 854 genetic rows so far
  [opentargets] alzheimer: page 20, 873 genetic rows so far
  [opentargets] alzheimer: page 21, 895 genetic rows so far
  [opentargets] alzheimer: page 22, 910 genetic rows so far
  [opentargets] alzheimer: page 23, 931 genetic rows so far
  [opentargets] alzheimer: page 24, 946 genetic rows so far
  [opentargets] alzheimer: page 25, 965 genetic rows so far
  [opentargets] alzheimer: page 26, 979 genetic rows so far
  [opentargets] alzheimer: page 27, 994 genetic rows so far
  [opentargets] alzheimer: page 28, 1024 genetic rows so far
  [opentargets] alzheimer: page 29, 1034 genetic rows so far
  [opentargets] alzheimer: page 30, 1055 genetic rows so far
  [opentargets] alzheimer: page 31, 1084 genetic rows so far
  [opentargets] alzheimer: page 32, 1098 genetic rows so far
  [opentargets] alzheimer: page 33, 1119 genetic rows so far
  [opentargets] alzheimer: page 34, 1141 genetic rows so far
  [opentargets] alzheimer: page 35, 1164 genetic rows so far
  [opentargets] alzheimer: page 36, 1184 genetic rows so far
  [opentargets] alzheimer: page 37, 1199 genetic rows so far
  [opentargets] alzheimer: page 38, 1226 genetic rows so far
  [opentargets] alzheimer: page 39, 1247 genetic rows so far
  [opentargets] alzheimer: page 40, 1272 genetic rows so far
  [opentargets] alzheimer: page 41, 1285 genetic rows so far
  [opentargets] alzheimer: page 42, 1314 genetic rows so far
  [opentargets] alzheimer: page 43, 1338 genetic rows so far
  [opentargets] alzheimer: page 44, 1364 genetic rows so far
  [opentargets] alzheimer: page 45, 1388 genetic rows so far
  [opentargets] alzheimer: page 46, 1414 genetic rows so far
  [opentargets] alzheimer: page 47, 1433 genetic rows so far
  [opentargets] alzheimer: page 48, 1453 genetic rows so far
  [opentargets] alzheimer: page 49, 1469 genetic rows so far
  [opentargets] alzheimer: page 50, 1488 genetic rows so far
  [opentargets] alzheimer: page 51, 1506 genetic rows so far
  [opentargets] alzheimer: page 52, 1520 genetic rows so far
  [opentargets] alzheimer: page 53, 1532 genetic rows so far
  [opentargets] alzheimer: page 54, 1548 genetic rows so far
  [opentargets] alzheimer: page 55, 1571 genetic rows so far
  [opentargets] alzheimer: page 56, 1589 genetic rows so far
  [opentargets] alzheimer: page 57, 1600 genetic rows so far
  [opentargets] alzheimer: page 58, 1606 genetic rows so far
  [opentargets] alzheimer: page 59, 1606 genetic rows so far
  [opentargets] alzheimer: page 60, 1606 genetic rows so far
  [opentargets] alzheimer: page 61, 1606 genetic rows so far
  [opentargets] alzheimer: page 62, 1606 genetic rows so far
  [opentargets] alzheimer: page 63, 1606 genetic rows so far
  [opentargets] alzheimer: page 64, 1606 genetic rows so far
  [opentargets] alzheimer: page 65, 1606 genetic rows so far
  [opentargets] alzheimer: page 66, 1606 genetic rows so far
  [opentargets] alzheimer: page 67, 1606 genetic rows so far
  [opentargets] alzheimer: page 68, 1606 genetic rows so far
  [opentargets] alzheimer: page 69, 1606 genetic rows so far
  [opentargets] alzheimer: page 70, 1606 genetic rows so far
  [opentargets] alzheimer: page 71, 1606 genetic rows so far
  [opentargets] alzheimer: page 72, 1606 genetic rows so far
  [opentargets] alzheimer: page 73, 1606 genetic rows so far
  [opentargets] alzheimer: page 74, 1606 genetic rows so far
  [opentargets] alzheimer: page 75, 1606 genetic rows so far
  [opentargets] alzheimer: page 76, 1606 genetic rows so far
  [opentargets] alzheimer: page 77, 1606 genetic rows so far
  [opentargets] alzheimer: page 78, 1606 genetic rows so far
  [opentargets] alzheimer: page 79, 1606 genetic rows so far
  [opentargets] alzheimer: page 80, 1606 genetic rows so far
  [opentargets] alzheimer: page 81, 1606 genetic rows so far
  [opentargets] alzheimer: page 82, 1606 genetic rows so far
  [opentargets] alzheimer: page 83, 1606 genetic rows so far
  [opentargets] alzheimer: page 84, 1606 genetic rows so far
  [opentargets] alzheimer: page 85, 1606 genetic rows so far
  [opentargets] alzheimer: page 86, 1606 genetic rows so far
  [opentargets] alzheimer: page 87, 1606 genetic rows so far
  [opentargets] alzheimer: page 88, 1606 genetic rows so far
  [opentargets] alzheimer: page 89, 1606 genetic rows so far
  [opentargets] alzheimer: page 90, 1606 genetic rows so far
  [opentargets] alzheimer: page 91, 1606 genetic rows so far
  [opentargets] alzheimer: page 92, 1606 genetic rows so far
  [opentargets] alzheimer: page 93, 1606 genetic rows so far
  [opentargets] alzheimer: page 94, 1606 genetic rows so far
  [opentargets] alzheimer: page 95, 1606 genetic rows so far
  [opentargets] alzheimer: page 96, 1606 genetic rows so far
  [opentargets] alzheimer: page 97, 1606 genetic rows so far
  [opentargets] alzheimer: page 98, 1606 genetic rows so far
  [opentargets] alzheimer: page 99, 1606 genetic rows so far
  [opentargets] alzheimer: page 100, 1606 genetic rows so far
  [opentargets] alzheimer: page 101, 1606 genetic rows so far
  [opentargets] alzheimer: page 102, 1606 genetic rows so far
  [opentargets] alzheimer: page 103, 1606 genetic rows so far
  [opentargets] alzheimer: page 104, 1606 genetic rows so far
  [opentargets] alzheimer: page 105, 1606 genetic rows so far
  [opentargets] alzheimer: page 106, 1606 genetic rows so far
  [opentargets] alzheimer: page 107, 1606 genetic rows so far
  [opentargets] alzheimer: page 108, 1606 genetic rows so far
  [opentargets] alzheimer: page 109, 1606 genetic rows so far
  [opentargets] alzheimer: page 110, 1606 genetic rows so far
  [opentargets] alzheimer: page 111, 1606 genetic rows so far
  [opentargets] alzheimer: page 112, 1606 genetic rows so far
  [opentargets] alzheimer: page 113, 1606 genetic rows so far
  [opentargets] alzheimer: page 114, 1606 genetic rows so far
  [opentargets] alzheimer: page 115, 1606 genetic rows so far
  [opentargets] alzheimer: page 116, 1606 genetic rows so far
  [opentargets] alzheimer: page 117, 1606 genetic rows so far
  [opentargets] alzheimer: page 118, 1606 genetic rows so far
  [opentargets] alzheimer: page 119, 1606 genetic rows so far
  [opentargets] alzheimer: page 120, 1606 genetic rows so far
  [opentargets] alzheimer: page 121, 1606 genetic rows so far
  [opentargets] alzheimer: page 122, 1606 genetic rows so far
  [opentargets] alzheimer: page 123, 1606 genetic rows so far
  [opentargets] alzheimer: page 124, 1606 genetic rows so far
  [opentargets] alzheimer: page 125, 1606 genetic rows so far
  [opentargets] alzheimer: page 126, 1606 genetic rows so far
  [opentargets] alzheimer: page 127, 1606 genetic rows so far
  [opentargets] alzheimer: page 128, 1606 genetic rows so far
  [opentargets] alzheimer: page 129, 1606 genetic rows so far
  [opentargets] alzheimer: page 130, 1606 genetic rows so far
  [opentargets] alzheimer: page 131, 1606 genetic rows so far
  [opentargets] alzheimer: page 132, 1606 genetic rows so far
  [opentargets] alzheimer: page 133, 1606 genetic rows so far
  [opentargets] 860 genes at score >= 0.10 (thresholds also saved: [0.1, 0.3])
== Parkinson's disease (parkinson) ==
  [opentargets] parkinson: page 1, 19 genetic rows so far
  [opentargets] parkinson: page 2, 33 genetic rows so far
  [opentargets] parkinson: page 3, 57 genetic rows so far
  [opentargets] parkinson: page 4, 70 genetic rows so far
  [opentargets] parkinson: page 5, 84 genetic rows so far
  [opentargets] parkinson: page 6, 101 genetic rows so far
  [opentargets] parkinson: page 7, 127 genetic rows so far
  [opentargets] parkinson: page 8, 155 genetic rows so far
  [opentargets] parkinson: page 9, 191 genetic rows so far
  [opentargets] parkinson: page 10, 226 genetic rows so far
  [opentargets] parkinson: page 11, 282 genetic rows so far
  [opentargets] parkinson: page 12, 316 genetic rows so far
  [opentargets] parkinson: page 13, 326 genetic rows so far
  [opentargets] parkinson: page 14, 333 genetic rows so far
  [opentargets] parkinson: page 15, 340 genetic rows so far
  [opentargets] parkinson: page 16, 344 genetic rows so far
  [opentargets] parkinson: page 17, 350 genetic rows so far
  [opentargets] parkinson: page 18, 355 genetic rows so far
  [opentargets] parkinson: page 19, 364 genetic rows so far
  [opentargets] parkinson: page 20, 373 genetic rows so far
  [opentargets] parkinson: page 21, 380 genetic rows so far
  [opentargets] parkinson: page 22, 389 genetic rows so far
  [opentargets] parkinson: page 23, 395 genetic rows so far
  [opentargets] parkinson: page 24, 411 genetic rows so far
  [opentargets] parkinson: page 25, 419 genetic rows so far
  [opentargets] parkinson: page 26, 427 genetic rows so far
  [opentargets] parkinson: page 27, 433 genetic rows so far
  [opentargets] parkinson: page 28, 443 genetic rows so far
  [opentargets] parkinson: page 29, 457 genetic rows so far
  [opentargets] parkinson: page 30, 470 genetic rows so far
  [opentargets] parkinson: page 31, 482 genetic rows so far
  [opentargets] parkinson: page 32, 489 genetic rows so far
  [opentargets] parkinson: page 33, 500 genetic rows so far
  [opentargets] parkinson: page 34, 501 genetic rows so far
  [opentargets] parkinson: page 35, 501 genetic rows so far
  [opentargets] parkinson: page 36, 501 genetic rows so far
  [opentargets] parkinson: page 37, 501 genetic rows so far
  [opentargets] parkinson: page 38, 501 genetic rows so far
  [opentargets] parkinson: page 39, 501 genetic rows so far
  [opentargets] parkinson: page 40, 501 genetic rows so far
  [opentargets] parkinson: page 41, 501 genetic rows so far
  [opentargets] parkinson: page 42, 501 genetic rows so far
  [opentargets] parkinson: page 43, 501 genetic rows so far
  [opentargets] parkinson: page 44, 501 genetic rows so far
  [opentargets] parkinson: page 45, 501 genetic rows so far
  [opentargets] parkinson: page 46, 501 genetic rows so far
  [opentargets] parkinson: page 47, 501 genetic rows so far
  [opentargets] parkinson: page 48, 501 genetic rows so far
  [opentargets] parkinson: page 49, 501 genetic rows so far
  [opentargets] parkinson: page 50, 501 genetic rows so far
  [opentargets] parkinson: page 51, 501 genetic rows so far
  [opentargets] parkinson: page 52, 501 genetic rows so far
  [opentargets] parkinson: page 53, 501 genetic rows so far
  [opentargets] parkinson: page 54, 501 genetic rows so far
  [opentargets] parkinson: page 55, 501 genetic rows so far
  [opentargets] parkinson: page 56, 501 genetic rows so far
  [opentargets] parkinson: page 57, 501 genetic rows so far
  [opentargets] parkinson: page 58, 501 genetic rows so far
  [opentargets] parkinson: page 59, 501 genetic rows so far
  [opentargets] parkinson: page 60, 501 genetic rows so far
  [opentargets] parkinson: page 61, 501 genetic rows so far
  [opentargets] parkinson: page 62, 501 genetic rows so far
  [opentargets] parkinson: page 63, 501 genetic rows so far
  [opentargets] parkinson: page 64, 501 genetic rows so far
  [opentargets] parkinson: page 65, 501 genetic rows so far
  [opentargets] parkinson: page 66, 501 genetic rows so far
  [opentargets] parkinson: page 67, 501 genetic rows so far
  [opentargets] parkinson: page 68, 501 genetic rows so far
  [opentargets] parkinson: page 69, 501 genetic rows so far
  [opentargets] parkinson: page 70, 501 genetic rows so far
  [opentargets] parkinson: page 71, 501 genetic rows so far
  [opentargets] parkinson: page 72, 501 genetic rows so far
  [opentargets] parkinson: page 73, 501 genetic rows so far
  [opentargets] parkinson: page 74, 501 genetic rows so far
  [opentargets] parkinson: page 75, 501 genetic rows so far
  [opentargets] parkinson: page 76, 501 genetic rows so far
  [opentargets] parkinson: page 77, 501 genetic rows so far
  [opentargets] parkinson: page 78, 501 genetic rows so far
  [opentargets] parkinson: page 79, 501 genetic rows so far
  [opentargets] parkinson: page 80, 501 genetic rows so far
  [opentargets] parkinson: page 81, 501 genetic rows so far
  [opentargets] parkinson: page 82, 501 genetic rows so far
  [opentargets] parkinson: page 83, 501 genetic rows so far
  [opentargets] parkinson: page 84, 501 genetic rows so far
  [opentargets] parkinson: page 85, 501 genetic rows so far
  [opentargets] parkinson: page 86, 501 genetic rows so far
  [opentargets] parkinson: page 87, 501 genetic rows so far
  [opentargets] parkinson: page 88, 501 genetic rows so far
  [opentargets] 322 genes at score >= 0.10 (thresholds also saved: [0.1, 0.3])
== Huntington's disease (huntington) ==
  [opentargets] huntington: page 1, 3 genetic rows so far
  [opentargets] huntington: page 2, 4 genetic rows so far
  [opentargets] huntington: page 3, 4 genetic rows so far
  [opentargets] huntington: page 4, 4 genetic rows so far
  [opentargets] huntington: page 5, 4 genetic rows so far
  [opentargets] huntington: page 6, 4 genetic rows so far
  [opentargets] huntington: page 7, 4 genetic rows so far
  [opentargets] huntington: page 8, 4 genetic rows so far
  [opentargets] huntington: page 9, 4 genetic rows so far
  [opentargets] huntington: page 10, 4 genetic rows so far
  [opentargets] huntington: page 11, 5 genetic rows so far
  [opentargets] huntington: page 12, 5 genetic rows so far
  [opentargets] huntington: page 13, 5 genetic rows so far
  [opentargets] huntington: page 14, 5 genetic rows so far
  [opentargets] huntington: page 15, 5 genetic rows so far
  [opentargets] huntington: page 16, 5 genetic rows so far
  [opentargets] huntington: page 17, 5 genetic rows so far
  [opentargets] huntington: page 18, 5 genetic rows so far
  [opentargets] huntington: page 19, 5 genetic rows so far
  [opentargets] huntington: page 20, 5 genetic rows so far
  [opentargets] huntington: page 21, 5 genetic rows so far
  [opentargets] huntington: page 22, 5 genetic rows so far
  [opentargets] huntington: page 23, 5 genetic rows so far
  [opentargets] huntington: page 24, 5 genetic rows so far
  [opentargets] huntington: page 25, 5 genetic rows so far
  [opentargets] huntington: page 26, 5 genetic rows so far
  [opentargets] huntington: page 27, 5 genetic rows so far
  [opentargets] huntington: page 28, 5 genetic rows so far
  [opentargets] huntington: page 29, 5 genetic rows so far
  [opentargets] huntington: page 30, 5 genetic rows so far
  [opentargets] huntington: page 31, 5 genetic rows so far
  [opentargets] huntington: page 32, 5 genetic rows so far
  [opentargets] huntington: page 33, 5 genetic rows so far
  [opentargets] huntington: page 34, 5 genetic rows so far
  [opentargets] huntington: page 35, 5 genetic rows so far
  [opentargets] huntington: page 36, 5 genetic rows so far
  [opentargets] huntington: page 37, 5 genetic rows so far
  [opentargets] huntington: page 38, 5 genetic rows so far
  [opentargets] huntington: page 39, 5 genetic rows so far
  [opentargets] huntington: page 40, 5 genetic rows so far
  [opentargets] huntington: page 41, 5 genetic rows so far
  [opentargets] huntington: page 42, 5 genetic rows so far
  [opentargets] huntington: page 43, 5 genetic rows so far
  [opentargets] huntington: page 44, 5 genetic rows so far
  [opentargets] huntington: page 45, 5 genetic rows so far
  [opentargets] huntington: page 46, 5 genetic rows so far
  [opentargets] huntington: page 47, 5 genetic rows so far
  [opentargets] huntington: page 48, 5 genetic rows so far
  [opentargets] huntington: page 49, 5 genetic rows so far
  [opentargets] huntington: page 50, 5 genetic rows so far
  [opentargets] huntington: page 51, 5 genetic rows so far
  [opentargets] huntington: page 52, 5 genetic rows so far
  [opentargets] 3 genes at score >= 0.10 (thresholds also saved: [0.1, 0.3])

All gene sets fetched.
